# test parser and BSF on two nodes graph

loaded graph twoNodes

twoNodes contains: node1 node2
the children of node1 in twoNodes are: node2(label1)
the children of node2 in twoNodes are: node1(label1)

path from node1 to node2:
node1 to node2 via label1
path from node2 to node1:
node2 to node1 via label1